OpenJDK 64-Bit Server VM (25.322-b1) for windows-amd64 JRE (1.8.0_322-b1), built on Feb 17 2022 11:38:32 by "Administrator" with MS VC++ 10.0 (VS2010)
Memory: 4k page, physical 16776248k(8161568k free), swap 22281272k(11431852k free)
CommandLine flags: -XX:ConcGCThreads=6 -XX:G1HeapRegionSize=4194304 -XX:+G1ParallelFullGC -XX:+G1RebuildRemSet -XX:InitialHeapSize=268419968 -XX:MaxHeapSize=4294719488 -XX:ParallelGCThreads=6 -XX:+PrintGC -XX:+PrintGCDateStamps -XX:+PrintGCDetails -XX:+PrintGCTimeStamps -XX:+PrintTenuringDistribution -XX:+ResizeTLAB -XX:+UseCompressedClassPointers -XX:+UseCompressedOops -XX:+UseG1GC -XX:-UseLargePagesIndividualAllocation -XX:+UseStringDeduplication -XX:+UseTLAB -XX:+ZeroTLAB 
2023-12-03T17:31:31.723+0800: 0.639: [GC pause (G1 Evacuation Pause) (young)
Desired survivor size 2097152 bytes, new threshold 15 (max 15)
, 0.0046684 secs]
   [Parallel Time: 2.0 ms, GC Workers: 6]
      [GC Worker Start (ms): Min: 639.5, Avg: 640.0, Max: 641.1, Diff: 1.6]
      [Ext Root Scanning (ms): Min: 0.0, Avg: 0.4, Max: 1.5, Diff: 1.5, Sum: 2.3]
      [Update RS (ms): Min: 0.0, Avg: 0.0, Max: 0.0, Diff: 0.0, Sum: 0.0]
         [Processed Buffers: Min: 0, Avg: 0.0, Max: 0, Diff: 0, Sum: 0]
      [Scan RS (ms): Min: 0.0, Avg: 0.0, Max: 0.0, Diff: 0.0, Sum: 0.0]
      [Code Root Scanning (ms): Min: 0.0, Avg: 0.1, Max: 0.2, Diff: 0.2, Sum: 0.3]
      [Object Copy (ms): Min: 0.0, Avg: 0.6, Max: 1.2, Diff: 1.2, Sum: 3.4]
      [Termination (ms): Min: 0.0, Avg: 0.1, Max: 0.1, Diff: 0.1, Sum: 0.4]
         [Termination Attempts: Min: 1, Avg: 1.0, Max: 1, Diff: 0, Sum: 6]
      [GC Worker Other (ms): Min: 0.0, Avg: 0.0, Max: 0.0, Diff: 0.0, Sum: 0.1]
      [GC Worker Total (ms): Min: 0.0, Avg: 1.1, Max: 1.6, Diff: 1.6, Sum: 6.6]
      [GC Worker End (ms): Min: 641.1, Avg: 641.1, Max: 641.2, Diff: 0.1]
   [Code Root Fixup: 0.0 ms]
   [Code Root Purge: 0.0 ms]
   [String Dedup Fixup: 0.4 ms, GC Workers: 6]
      [Queue Fixup (ms): Min: 0.0, Avg: 0.0, Max: 0.0, Diff: 0.0, Sum: 0.0]
      [Table Fixup (ms): Min: 0.0, Avg: 0.0, Max: 0.2, Diff: 0.2, Sum: 0.2]
   [Clear CT: 0.3 ms]
   [Other: 1.9 ms]
      [Choose CSet: 0.0 ms]
      [Ref Proc: 1.0 ms]
      [Ref Enq: 0.0 ms]
      [Redirty Cards: 0.4 ms]
      [Humongous Register: 0.0 ms]
      [Humongous Reclaim: 0.0 ms]
      [Free CSet: 0.3 ms]
   [Eden: 20480.0K(20480.0K)->0.0B(36864.0K) Survivors: 0.0B->4096.0K Heap: 20480.0K(256.0M)->2710.1K(256.0M)]
 [Times: user=0.00 sys=0.00, real=0.00 secs] 
2023-12-03T17:31:32.674+0800: 1.592: [GC pause (G1 Evacuation Pause) (young)
Desired survivor size 4194304 bytes, new threshold 15 (max 15)
- age   1:    1769440 bytes,    1769440 total
, 0.0077586 secs]
   [Parallel Time: 4.1 ms, GC Workers: 6]
      [GC Worker Start (ms): Min: 1591.7, Avg: 1592.0, Max: 1593.2, Diff: 1.5]
      [Ext Root Scanning (ms): Min: 0.0, Avg: 0.7, Max: 3.4, Diff: 3.4, Sum: 4.0]
      [Update RS (ms): Min: 0.0, Avg: 0.0, Max: 0.0, Diff: 0.0, Sum: 0.0]
         [Processed Buffers: Min: 0, Avg: 0.0, Max: 0, Diff: 0, Sum: 0]
      [Scan RS (ms): Min: 0.0, Avg: 0.0, Max: 0.0, Diff: 0.0, Sum: 0.0]
      [Code Root Scanning (ms): Min: 0.0, Avg: 0.7, Max: 3.1, Diff: 3.1, Sum: 4.4]
      [Object Copy (ms): Min: 0.0, Avg: 1.7, Max: 3.1, Diff: 3.1, Sum: 10.1]
      [Termination (ms): Min: 0.0, Avg: 0.5, Max: 1.0, Diff: 0.9, Sum: 3.0]
         [Termination Attempts: Min: 1, Avg: 1.3, Max: 2, Diff: 1, Sum: 8]
      [GC Worker Other (ms): Min: 0.0, Avg: 0.0, Max: 0.0, Diff: 0.0, Sum: 0.0]
      [GC Worker Total (ms): Min: 2.4, Avg: 3.6, Max: 3.9, Diff: 1.5, Sum: 21.5]
      [GC Worker End (ms): Min: 1595.6, Avg: 1595.6, Max: 1595.7, Diff: 0.1]
   [Code Root Fixup: 0.0 ms]
   [Code Root Purge: 0.0 ms]
   [String Dedup Fixup: 0.5 ms, GC Workers: 6]
      [Queue Fixup (ms): Min: 0.0, Avg: 0.0, Max: 0.0, Diff: 0.0, Sum: 0.0]
      [Table Fixup (ms): Min: 0.0, Avg: 0.1, Max: 0.4, Diff: 0.4, Sum: 0.6]
   [Clear CT: 0.3 ms]
   [Other: 2.7 ms]
      [Choose CSet: 0.0 ms]
      [Ref Proc: 1.9 ms]
      [Ref Enq: 0.0 ms]
      [Redirty Cards: 0.4 ms]
      [Humongous Register: 0.0 ms]
      [Humongous Reclaim: 0.0 ms]
      [Free CSet: 0.3 ms]
   [Eden: 36864.0K(36864.0K)->0.0B(144.0M) Survivors: 4096.0K->8192.0K Heap: 39574.1K(256.0M)->6237.5K(256.0M)]
 [Times: user=0.02 sys=0.00, real=0.01 secs] 
2023-12-03T17:31:33.496+0800: 2.414: [GC pause (Metadata GC Threshold) (young) (initial-mark)
Desired survivor size 10485760 bytes, new threshold 15 (max 15)
- age   1:    2021496 bytes,    2021496 total
- age   2:    1675464 bytes,    3696960 total
, 0.0113515 secs]
   [Parallel Time: 6.9 ms, GC Workers: 6]
      [GC Worker Start (ms): Min: 2414.1, Avg: 2414.4, Max: 2415.1, Diff: 1.0]
      [Ext Root Scanning (ms): Min: 4.3, Avg: 4.9, Max: 5.7, Diff: 1.4, Sum: 29.6]
      [Update RS (ms): Min: 0.0, Avg: 0.0, Max: 0.0, Diff: 0.0, Sum: 0.0]
         [Processed Buffers: Min: 0, Avg: 0.0, Max: 0, Diff: 0, Sum: 0]
      [Scan RS (ms): Min: 0.0, Avg: 0.0, Max: 0.0, Diff: 0.0, Sum: 0.0]
      [Code Root Scanning (ms): Min: 0.0, Avg: 0.2, Max: 1.2, Diff: 1.2, Sum: 1.5]
      [Object Copy (ms): Min: 0.0, Avg: 0.9, Max: 1.6, Diff: 1.5, Sum: 5.5]
      [Termination (ms): Min: 0.0, Avg: 0.3, Max: 0.4, Diff: 0.4, Sum: 1.5]
         [Termination Attempts: Min: 1, Avg: 1.0, Max: 1, Diff: 0, Sum: 6]
      [GC Worker Other (ms): Min: 0.0, Avg: 0.0, Max: 0.0, Diff: 0.0, Sum: 0.0]
      [GC Worker Total (ms): Min: 5.6, Avg: 6.3, Max: 6.6, Diff: 1.1, Sum: 38.0]
      [GC Worker End (ms): Min: 2420.6, Avg: 2420.7, Max: 2420.8, Diff: 0.2]
   [Code Root Fixup: 0.1 ms]
   [Code Root Purge: 0.0 ms]
   [String Dedup Fixup: 0.4 ms, GC Workers: 6]
      [Queue Fixup (ms): Min: 0.0, Avg: 0.0, Max: 0.0, Diff: 0.0, Sum: 0.0]
      [Table Fixup (ms): Min: 0.0, Avg: 0.1, Max: 0.2, Diff: 0.2, Sum: 0.7]
   [Clear CT: 0.5 ms]
   [Other: 3.4 ms]
      [Choose CSet: 0.0 ms]
      [Ref Proc: 2.5 ms]
      [Ref Enq: 0.0 ms]
      [Redirty Cards: 0.4 ms]
      [Humongous Register: 0.0 ms]
      [Humongous Reclaim: 0.0 ms]
      [Free CSet: 0.3 ms]
   [Eden: 53248.0K(144.0M)->0.0B(140.0M) Survivors: 8192.0K->12288.0K Heap: 59485.5K(256.0M)->10349.2K(256.0M)]
 [Times: user=0.00 sys=0.00, real=0.01 secs] 
2023-12-03T17:31:33.509+0800: 2.425: [GC concurrent-root-region-scan-start]
2023-12-03T17:31:33.509+0800: 2.427: [GC concurrent-string-deduplication, 331.4K->238.2K(95448.0B), avg 28.1%, 0.0012354 secs]
2023-12-03T17:31:33.511+0800: 2.430: [GC concurrent-root-region-scan-end, 0.0043849 secs]
2023-12-03T17:31:33.511+0800: 2.430: [GC concurrent-mark-start]
2023-12-03T17:31:33.511+0800: 2.430: [GC concurrent-mark-end, 0.0004775 secs]
2023-12-03T17:31:33.511+0800: 2.431: [GC remark 2023-12-03T17:31:33.511+0800: 2.431: [Finalize Marking, 0.0007246 secs] 2023-12-03T17:31:33.511+0800: 2.431: [GC ref-proc, 0.0002416 secs] 2023-12-03T17:31:33.511+0800: 2.432: [Unloading, 0.0030794 secs], 0.0044848 secs]
 [Times: user=0.00 sys=0.00, real=0.01 secs] 
2023-12-03T17:31:33.517+0800: 2.435: [GC concurrent-remset-rebuild-start]
2023-12-03T17:31:33.517+0800: 2.435: [GC concurrent-remset-rebuild-end, 0.0002206 secs]
2023-12-03T17:31:33.517+0800: 2.436: [GC cleanup 14445K->14445K(256M), 0.0009051 secs]
 [Times: user=0.00 sys=0.00, real=0.00 secs] 
2023-12-03T17:31:34.866+0800: 3.785: [GC pause (G1 Evacuation Pause) (young)
Desired survivor size 10485760 bytes, new threshold 15 (max 15)
- age   1:    2189264 bytes,    2189264 total
- age   2:    1852432 bytes,    4041696 total
- age   3:    1663568 bytes,    5705264 total
, 0.0144300 secs]
   [Parallel Time: 8.2 ms, GC Workers: 6]
      [GC Worker Start (ms): Min: 3784.7, Avg: 3786.0, Max: 3791.9, Diff: 7.3]
      [Ext Root Scanning (ms): Min: 0.0, Avg: 1.8, Max: 7.8, Diff: 7.8, Sum: 10.5]
      [Update RS (ms): Min: 0.0, Avg: 0.0, Max: 0.0, Diff: 0.0, Sum: 0.0]
         [Processed Buffers: Min: 0, Avg: 0.0, Max: 0, Diff: 0, Sum: 0]
      [Scan RS (ms): Min: 0.0, Avg: 0.0, Max: 0.0, Diff: 0.0, Sum: 0.0]
      [Code Root Scanning (ms): Min: 0.0, Avg: 1.1, Max: 4.8, Diff: 4.8, Sum: 6.8]
      [Object Copy (ms): Min: 0.0, Avg: 3.6, Max: 7.0, Diff: 6.9, Sum: 21.5]
      [Termination (ms): Min: 0.1, Avg: 0.1, Max: 0.2, Diff: 0.1, Sum: 0.7]
         [Termination Attempts: Min: 1, Avg: 3.3, Max: 5, Diff: 4, Sum: 20]
      [GC Worker Other (ms): Min: 0.0, Avg: 0.0, Max: 0.0, Diff: 0.0, Sum: 0.0]
      [GC Worker Total (ms): Min: 0.7, Avg: 6.6, Max: 7.9, Diff: 7.2, Sum: 39.6]
      [GC Worker End (ms): Min: 3792.5, Avg: 3792.5, Max: 3792.6, Diff: 0.1]
   [Code Root Fixup: 0.2 ms]
   [Code Root Purge: 0.0 ms]
   [String Dedup Fixup: 0.8 ms, GC Workers: 6]
      [Queue Fixup (ms): Min: 0.0, Avg: 0.0, Max: 0.0, Diff: 0.0, Sum: 0.0]
      [Table Fixup (ms): Min: 0.0, Avg: 0.2, Max: 0.4, Diff: 0.4, Sum: 1.4]
   [Clear CT: 0.3 ms]
   [Other: 4.9 ms]
      [Choose CSet: 0.0 ms]
      [Ref Proc: 4.2 ms]
      [Ref Enq: 0.0 ms]
      [Redirty Cards: 0.3 ms]
      [Humongous Register: 0.0 ms]
      [Humongous Reclaim: 0.0 ms]
      [Free CSet: 0.3 ms]
   [Eden: 140.0M(140.0M)->0.0B(132.0M) Survivors: 12288.0K->20480.0K Heap: 150.1M(256.0M)->16870.4K(256.0M)]
 [Times: user=0.09 sys=0.00, real=0.01 secs] 
2023-12-03T17:31:34.876+0800: 3.801: [GC concurrent-string-deduplication, 380.8K->208.8K(172.0K), avg 37.2%, 0.0015900 secs]
2023-12-03T17:31:35.505+0800: 4.424: [GC pause (Metadata GC Threshold) (young) (initial-mark)
Desired survivor size 10485760 bytes, new threshold 15 (max 15)
- age   1:    3769136 bytes,    3769136 total
- age   2:    1904080 bytes,    5673216 total
- age   3:    1840296 bytes,    7513512 total
- age   4:    1562216 bytes,    9075728 total
, 0.0177973 secs]
   [Parallel Time: 14.2 ms, GC Workers: 6]
      [GC Worker Start (ms): Min: 4424.4, Avg: 4424.7, Max: 4425.4, Diff: 1.0]
      [Ext Root Scanning (ms): Min: 8.3, Avg: 9.5, Max: 10.4, Diff: 2.0, Sum: 56.9]
      [Update RS (ms): Min: 0.0, Avg: 0.0, Max: 0.0, Diff: 0.0, Sum: 0.0]
         [Processed Buffers: Min: 0, Avg: 0.0, Max: 0, Diff: 0, Sum: 0]
      [Scan RS (ms): Min: 0.0, Avg: 0.0, Max: 0.0, Diff: 0.0, Sum: 0.0]
      [Code Root Scanning (ms): Min: 0.0, Avg: 0.9, Max: 3.4, Diff: 3.4, Sum: 5.2]
      [Object Copy (ms): Min: 0.3, Avg: 1.1, Max: 1.8, Diff: 1.5, Sum: 6.9]
      [Termination (ms): Min: 0.0, Avg: 2.1, Max: 2.6, Diff: 2.6, Sum: 12.8]
         [Termination Attempts: Min: 1, Avg: 1.0, Max: 1, Diff: 0, Sum: 6]
      [GC Worker Other (ms): Min: 0.0, Avg: 0.0, Max: 0.0, Diff: 0.0, Sum: 0.0]
      [GC Worker Total (ms): Min: 13.0, Avg: 13.6, Max: 13.8, Diff: 0.8, Sum: 81.8]
      [GC Worker End (ms): Min: 4438.3, Avg: 4438.3, Max: 4438.4, Diff: 0.1]
   [Code Root Fixup: 0.2 ms]
   [Code Root Purge: 0.0 ms]
   [String Dedup Fixup: 0.7 ms, GC Workers: 6]
      [Queue Fixup (ms): Min: 0.0, Avg: 0.0, Max: 0.0, Diff: 0.0, Sum: 0.0]
      [Table Fixup (ms): Min: 0.2, Avg: 0.3, Max: 0.4, Diff: 0.2, Sum: 1.7]
   [Clear CT: 0.3 ms]
   [Other: 2.3 ms]
      [Choose CSet: 0.0 ms]
      [Ref Proc: 1.4 ms]
      [Ref Enq: 0.0 ms]
      [Redirty Cards: 0.4 ms]
      [Humongous Register: 0.0 ms]
      [Humongous Reclaim: 0.0 ms]
      [Free CSet: 0.3 ms]
   [Eden: 57344.0K(132.0M)->0.0B(136.0M) Survivors: 20480.0K->16384.0K Heap: 72168.4K(256.0M)->16118.7K(256.0M)]
 [Times: user=0.02 sys=0.00, real=0.02 secs] 
2023-12-03T17:31:35.525+0800: 4.442: [GC concurrent-root-region-scan-start]
2023-12-03T17:31:35.525+0800: 4.444: [GC concurrent-string-deduplication, 418.4K->247.3K(171.1K), avg 38.6%, 0.0016364 secs]
2023-12-03T17:31:35.525+0800: 4.447: [GC concurrent-root-region-scan-end, 0.0042992 secs]
2023-12-03T17:31:35.525+0800: 4.447: [GC concurrent-mark-start]
2023-12-03T17:31:35.525+0800: 4.447: [GC concurrent-mark-end, 0.0002254 secs]
2023-12-03T17:31:35.525+0800: 4.447: [GC remark 2023-12-03T17:31:35.525+0800: 4.447: [Finalize Marking, 0.0005471 secs] 2023-12-03T17:31:35.525+0800: 4.448: [GC ref-proc, 0.0000932 secs] 2023-12-03T17:31:35.525+0800: 4.448: [Unloading, 0.0043341 secs], 0.0054771 secs]
 [Times: user=0.09 sys=0.00, real=0.01 secs] 
2023-12-03T17:31:35.535+0800: 4.453: [GC concurrent-remset-rebuild-start]
2023-12-03T17:31:35.535+0800: 4.453: [GC concurrent-remset-rebuild-end, 0.0003257 secs]
2023-12-03T17:31:35.535+0800: 4.453: [GC cleanup 20214K->20214K(256M), 0.0009371 secs]
 [Times: user=0.00 sys=0.00, real=0.00 secs] 
